Copyright 1986-2022 Xilinx, Inc. All Rights Reserved.
-------------------------------------------------------------------------------------------------------------------------------------------------------------
| Tool Version : Vivado v.2022.1 (win64) Build 3526262 Mon Apr 18 15:48:16 MDT 2022
| Date         : Sat Sep 26 23:40:39 2026
| Command      : report_timing_summary -file {reports/npu_bd_wrapper_timing_summary_routed.rpt}
| Design       : npu_bd_wrapper
| Device       : 7z020-clg400
| Speed File   : -1  PRODUCTION 1.12 2019-11-22
-------------------------------------------------------------------------------------------------------------------------------------------------------------

Timing Summary Report

------------------------------------------------------------------------------------------------
| Timer Settings
| --------------
------------------------------------------------------------------------------------------------

  Enable Multi Corner Analysis               :  Yes
  Enable Pessimism Removal                   :  Yes
  Pessimism Removal Resolution               :  Nearest Common Node
  Enable Input Delay Default Clock           :  No
  Enable Preset / Clear Arcs                 :  No
  Disable Flight Delays                      :  No
  Ignore I/O Paths                           :  No
  Timing Early Launch at Borrowing Latches   :  No
  Borrow Time for Max Delay Exceptions       :  Yes
  Merge Timing Exceptions                    :  Yes

  Corner  Analyze    Analyze    
  Name    Max Paths  Min Paths  
  ------  ---------  ---------  
  Slow    Yes        Yes        
  Fast    Yes        Yes        


------------------------------------------------------------------------------------------------
| Report Methodology
| ------------------
------------------------------------------------------------------------------------------------

No report available as report_methodology has not been run prior. Run report_methodology on the current design for the summary of methodology violations.



check_timing report

Table of Contents
-----------------
1. checking no_clock (0)
2. checking constant_clock (0)
3. checking pulse_width_clock (0)
4. checking unconstrained_internal_endpoints (0)
5. checking no_input_delay (0)
6. checking no_output_delay (0)
7. checking multiple_clock (0)
8. checking generated_clocks (0)
9. checking loops (0)
10. checking partial_input_delay (0)
11. checking partial_output_delay (0)
12. checking latch_loops (0)

1. checking no_clock (0)
------------------------
 There are 0 register/latch pins with no clock.


2. checking constant_clock (0)
------------------------------
 There are 0 register/latch pins with constant_clock.


3. checking pulse_width_clock (0)
---------------------------------
 There are 0 register/latch pins which need pulse_width check


4. checking unconstrained_internal_endpoints (0)
------------------------------------------------
 There are 0 pins that are not constrained for maximum delay.

 There are 0 pins that are not constrained for maximum delay due to constant clock.


5. checking no_input_delay (0)
------------------------------
 There are 0 input ports with no input delay specified.

 There are 0 input ports with no input delay but user has a false path constraint.


6. checking no_output_delay (0)
-------------------------------
 There are 0 ports with no output delay specified.

 There are 0 ports with no output delay but user has a false path constraint

 There are 0 ports with no output delay but with a timing clock defined on it or propagating through it


7. checking multiple_clock (0)
------------------------------
 There are 0 register/latch pins with multiple clocks.


8. checking generated_clocks (0)
--------------------------------
 There are 0 generated clocks that are not connected to a clock source.


9. checking loops (0)
---------------------
 There are 0 combinational loops in the design.


10. checking partial_input_delay (0)
------------------------------------
 There are 0 input ports with partial input delay specified.


11. checking partial_output_delay (0)
-------------------------------------
 There are 0 ports with partial output delay specified.


12. checking latch_loops (0)
----------------------------
 There are 0 combinational latch loops in the design through latch input



------------------------------------------------------------------------------------------------
| Design Timing Summary
| ---------------------
------------------------------------------------------------------------------------------------

    WNS(ns)      TNS(ns)  TNS Failing Endpoints  TNS Total Endpoints      WHS(ns)      THS(ns)  THS Failing Endpoints  THS Total Endpoints     WPWS(ns)     TPWS(ns)  TPWS Failing Endpoints  TPWS Total Endpoints  
    -------      -------  ---------------------  -------------------      -------      -------  ---------------------  -------------------     --------     --------  ----------------------  --------------------  
      4.529        0.000                      0                27649        0.020        0.000                      0                27649        8.750        0.000                       0                  8295  


All user specified timing constraints are met.


------------------------------------------------------------------------------------------------
| Clock Summary
| -------------
------------------------------------------------------------------------------------------------

Clock       Waveform(ns)       Period(ns)      Frequency(MHz)
-----       ------------       ----------      --------------
clk_fpga_0  {0.000 10.000}     20.000          50.000          


------------------------------------------------------------------------------------------------
| Intra Clock Table
| -----------------
------------------------------------------------------------------------------------------------

Clock             WNS(ns)      TNS(ns)  TNS Failing Endpoints  TNS Total Endpoints      WHS(ns)      THS(ns)  THS Failing Endpoints  THS Total Endpoints     WPWS(ns)     TPWS(ns)  TPWS Failing Endpoints  TPWS Total Endpoints  
-----             -------      -------  ---------------------  -------------------      -------      -------  ---------------------  -------------------     --------     --------  ----------------------  --------------------  
clk_fpga_0          4.529        0.000                      0                27649        0.020        0.000                      0                27649        8.750        0.000                       0                  8295  


------------------------------------------------------------------------------------------------
| Inter Clock Table
| -----------------
------------------------------------------------------------------------------------------------

From Clock    To Clock          WNS(ns)      TNS(ns)  TNS Failing Endpoints  TNS Total Endpoints      WHS(ns)      THS(ns)  THS Failing Endpoints  THS Total Endpoints  
----------    --------          -------      -------  ---------------------  -------------------      -------      -------  ---------------------  -------------------  


------------------------------------------------------------------------------------------------
| Other Path Groups Table
| -----------------------
------------------------------------------------------------------------------------------------

Path Group    From Clock    To Clock          WNS(ns)      TNS(ns)  TNS Failing Endpoints  TNS Total Endpoints      WHS(ns)      THS(ns)  THS Failing Endpoints  THS Total Endpoints  
----------    ----------    --------          -------      -------  ---------------------  -------------------      -------      -------  ---------------------  -------------------  


------------------------------------------------------------------------------------------------
| Timing Details
| --------------
------------------------------------------------------------------------------------------------


---------------------------------------------------------------------------------------------------
From Clock:  clk_fpga_0
  To Clock:  clk_fpga_0

Setup :            0  Failing Endpoints,  Worst Slack        4.529ns,  Total Violation        0.000ns
Hold  :            0  Failing Endpoints,  Worst Slack        0.020ns,  Total Violation        0.000ns
PW    :            0  Failing Endpoints,  Worst Slack        8.750ns,  Total Violation        0.000ns
---------------------------------------------------------------------------------------------------


Max Delay Paths
--------------------------------------------------------------------------------------
Slack (MET) :             4.529ns  (required time - arrival time)
  Source:                 npu_bd_i/bram_weight/U0/inst_blk_mem_gen/gnbram.gnative_mem_map_bmg.native_mem_map_blk_mem_gen/valid.cstr/ramloop[19].ram.r/prim_noinit.ram/DEVICE_7SERIES.WITH_BMM_INFO.TRUE_DP.SIMPLE_PRIM36.TDP_SP36_NO_ECC_ATTR.ram/CLKBWRCLK
                            (rising edge-triggered cell RAMB36E1 clocked by clk_fpga_0  {rise@0.000ns fall@10.000ns period=20.000ns})
  Destination:            npu_bd_i/npu_top_0/inst/u_conv/acc_reg[29]/D
                            (rising edge-triggered cell FDRE clocked by clk_fpga_0  {rise@0.000ns fall@10.000ns period=20.000ns})
  Path Group:             clk_fpga_0
  Path Type:              Setup (Max at Slow Process Corner)
  Requirement:            20.000ns  (clk_fpga_0 rise@20.000ns - clk_fpga_0 rise@0.000ns)
  Data Path Delay:        14.900ns  (logic 6.523ns (43.780%)  route 8.377ns (56.220%))
  Logic Levels:           14  (CARRY4=8 LUT2=2 LUT3=2 LUT6=2)
  Clock Path Skew:        -0.388ns (DCD - SCD + CPR)
    Destination Clock Delay (DCD):    2.646ns = ( 22.646 - 20.000 ) 
    Source Clock Delay      (SCD):    3.162ns
    Clock Pessimism Removal (CPR):    0.129ns
  Clock Uncertainty:      0.302ns  ((TSJ^2 + TIJ^2)^1/2 + DJ) / 2 + PE
    Total System Jitter     (TSJ):    0.071ns
    Total Input Jitter      (TIJ):    0.600ns
    Discrete Jitter          (DJ):    0.000ns
    Phase Error              (PE):    0.000ns

    Location             Delay type                Incr(ns)  Path(ns)    Netlist Resource(s)
  -------------------------------------------------------------------    -------------------
                         (clock clk_fpga_0 rise edge)
                                                      0.000     0.000 r  
    PS7_X0Y0             PS7                          0.000     0.000 r  npu_bd_i/processing_system7_0/inst/PS7_i/FCLKCLK[0]
                         net (fo=1, routed)           1.193     1.193    npu_bd_i/processing_system7_0/inst/FCLK_CLK_unbuffered[0]
    BUFGCTRL_X0Y16       BUFG (Prop_bufg_I_O)         0.101     1.294 r  npu_bd_i/processing_system7_0/inst/buffer_fclk_clk_0.FCLK_CLK_0_BUFG/O
                         net (fo=8301, routed)        1.868     3.162    npu_bd_i/bram_weight/U0/inst_blk_mem_gen/gnbram.gnative_mem_map_bmg.native_mem_map_blk_mem_gen/valid.cstr/ramloop[19].ram.r/prim_noinit.ram/clkb
    RAMB36_X2Y25         RAMB36E1                                     r  npu_bd_i/bram_weight/U0/inst_blk_mem_gen/gnbram.gnative_mem_map_bmg.native_mem_map_blk_mem_gen/valid.cstr/ramloop[19].ram.r/prim_noinit.ram/DEVICE_7SERIES.WITH_BMM_INFO.TRUE_DP.SIMPLE_PRIM36.TDP_SP36_NO_ECC_ATTR.ram/CLKBWRCLK
  -------------------------------------------------------------------    -------------------
    RAMB36_X2Y25         RAMB36E1 (Prop_ramb36e1_CLKBWRCLK_DOBDO[0])
                                                      2.454     5.616 f  npu_bd_i/bram_weight/U0/inst_blk_mem_gen/gnbram.gnative_mem_map_bmg.native_mem_map_blk_mem_gen/valid.cstr/ramloop[19].ram.r/prim_noinit.ram/DEVICE_7SERIES.WITH_BMM_INFO.TRUE_DP.SIMPLE_PRIM36.TDP_SP36_NO_ECC_ATTR.ram/DOBDO[0]
                         net (fo=1, routed)           2.231     7.848    npu_bd_i/npu_top_0/inst/u_conv/wgt_bram_dout[19]
    SLICE_X55Y110        LUT6 (Prop_lut6_I0_O)        0.124     7.972 f  npu_bd_i/npu_top_0/inst/u_conv/product__30_carry_i_8/O
                         net (fo=16, routed)          3.033    11.004    npu_bd_i/npu_top_0/inst/u_conv/product__30_carry_i_8_n_0
    SLICE_X55Y52         LUT2 (Prop_lut2_I0_O)        0.152    11.156 r  npu_bd_i/npu_top_0/inst/u_conv/product__30_carry__0_i_11/O
                         net (fo=1, routed)           0.440    11.596    npu_bd_i/npu_top_0/inst/u_conv/product__30_carry__0_i_11_n_0
    SLICE_X54Y52         LUT6 (Prop_lut6_I5_O)        0.326    11.922 r  npu_bd_i/npu_top_0/inst/u_conv/product__30_carry__0_i_7/O
                         net (fo=1, routed)           0.000    11.922    npu_bd_i/npu_top_0/inst/u_conv/product__30_carry__0_i_7_n_0
    SLICE_X54Y52         CARRY4 (Prop_carry4_S[1]_O[2])
                                                      0.578    12.500 r  npu_bd_i/npu_top_0/inst/u_conv/product__30_carry__0/O[2]
                         net (fo=3, routed)           0.896    13.397    npu_bd_i/npu_top_0/inst/u_conv/product__30_carry__0_n_5
    SLICE_X53Y54         LUT3 (Prop_lut3_I2_O)        0.301    13.698 r  npu_bd_i/npu_top_0/inst/u_conv/product__85_carry__0_i_2/O
                         net (fo=1, routed)           0.472    14.170    npu_bd_i/npu_top_0/inst/u_conv/product__85_carry__0_i_2_n_0
    SLICE_X53Y52         CARRY4 (Prop_carry4_DI[2]_CO[3])
                                                      0.398    14.568 r  npu_bd_i/npu_top_0/inst/u_conv/product__85_carry__0/CO[3]
                         net (fo=1, routed)           0.000    14.568    npu_bd_i/npu_top_0/inst/u_conv/product__85_carry__0_n_0
    SLICE_X53Y53         CARRY4 (Prop_carry4_CI_O[1])
                                                      0.334    14.902 r  npu_bd_i/npu_top_0/inst/u_conv/product__85_carry__1/O[1]
                         net (fo=1, routed)           0.637    15.538    npu_bd_i/npu_top_0/inst/u_conv/p_0_in[13]
    SLICE_X51Y46         LUT2 (Prop_lut2_I1_O)        0.303    15.841 r  npu_bd_i/npu_top_0/inst/u_conv/acc_next_carry__2_i_3/O
                         net (fo=1, routed)           0.000    15.841    npu_bd_i/npu_top_0/inst/u_conv/acc_next_carry__2_i_3_n_0
    SLICE_X51Y46         CARRY4 (Prop_carry4_S[1]_CO[3])
                                                      0.550    16.391 r  npu_bd_i/npu_top_0/inst/u_conv/acc_next_carry__2/CO[3]
                         net (fo=1, routed)           0.000    16.391    npu_bd_i/npu_top_0/inst/u_conv/acc_next_carry__2_n_0
    SLICE_X51Y47         CARRY4 (Prop_carry4_CI_CO[3])
                                                      0.114    16.505 r  npu_bd_i/npu_top_0/inst/u_conv/acc_next_carry__3/CO[3]
                         net (fo=1, routed)           0.000    16.505    npu_bd_i/npu_top_0/inst/u_conv/acc_next_carry__3_n_0
    SLICE_X51Y48         CARRY4 (Prop_carry4_CI_CO[3])
                                                      0.114    16.619 r  npu_bd_i/npu_top_0/inst/u_conv/acc_next_carry__4/CO[3]
                         net (fo=1, routed)           0.000    16.619    npu_bd_i/npu_top_0/inst/u_conv/acc_next_carry__4_n_0
    SLICE_X51Y49         CARRY4 (Prop_carry4_CI_CO[3])
                                                      0.114    16.733 r  npu_bd_i/npu_top_0/inst/u_conv/acc_next_carry__5/CO[3]
                         net (fo=1, routed)           0.001    16.734    npu_bd_i/npu_top_0/inst/u_conv/acc_next_carry__5_n_0
    SLICE_X51Y50         CARRY4 (Prop_carry4_CI_O[1])
                                                      0.334    17.068 r  npu_bd_i/npu_top_0/inst/u_conv/acc_next_carry__6/O[1]
                         net (fo=1, routed)           0.667    17.735    npu_bd_i/npu_top_0/inst/u_conv/acc_next[29]
    SLICE_X50Y50         LUT3 (Prop_lut3_I1_O)        0.327    18.062 r  npu_bd_i/npu_top_0/inst/u_conv/acc[29]_i_1/O
                         net (fo=1, routed)           0.000    18.062    npu_bd_i/npu_top_0/inst/u_conv/acc[29]_i_1_n_0
    SLICE_X50Y50         FDRE                                         r  npu_bd_i/npu_top_0/inst/u_conv/acc_reg[29]/D
  -------------------------------------------------------------------    -------------------

                         (clock clk_fpga_0 rise edge)
                                                     20.000    20.000 r  
    PS7_X0Y0             PS7                          0.000    20.000 r  npu_bd_i/processing_system7_0/inst/PS7_i/FCLKCLK[0]
                         net (fo=1, routed)           1.088    21.088    npu_bd_i/processing_system7_0/inst/FCLK_CLK_unbuffered[0]
    BUFGCTRL_X0Y16       BUFG (Prop_bufg_I_O)         0.091    21.179 r  npu_bd_i/processing_system7_0/inst/buffer_fclk_clk_0.FCLK_CLK_0_BUFG/O
                         net (fo=8301, routed)        1.467    22.646    npu_bd_i/npu_top_0/inst/u_conv/s_axi_aclk
    SLICE_X50Y50         FDRE                                         r  npu_bd_i/npu_top_0/inst/u_conv/acc_reg[29]/C
                         clock pessimism              0.129    22.775    
                         clock uncertainty           -0.302    22.473    
    SLICE_X50Y50         FDRE (Setup_fdre_C_D)        0.118    22.591    npu_bd_i/npu_top_0/inst/u_conv/acc_reg[29]
  -------------------------------------------------------------------
                         required time                         22.591    
                         arrival time                         -18.062    
  -------------------------------------------------------------------
                         slack                                  4.529    





Min Delay Paths
--------------------------------------------------------------------------------------
Slack (MET) :             0.020ns  (arrival time - required time)
  Source:                 npu_bd_i/axi_smc/inst/m03_nodes/m03_w_node/inst/inst_mi_handler/gen_normal_area.inst_fifo_node_payld/gen_xpm_memory_fifo.inst_fifo/gen_mem_rep[0].inst_xpm_memory/xpm_memory_base_inst/gen_rd_b.doutb_reg_reg[54]/C
                            (rising edge-triggered cell FDRE clocked by clk_fpga_0  {rise@0.000ns fall@10.000ns period=20.000ns})
  Destination:            npu_bd_i/axi_smc/inst/m03_exit_pipeline/m03_exit/inst/splitter_inst/gen_axi4lite.axilite_conv/m_axi_wdata_i_reg[31]/D
                            (rising edge-triggered cell FDRE clocked by clk_fpga_0  {rise@0.000ns fall@10.000ns period=20.000ns})
  Path Group:             clk_fpga_0
  Path Type:              Hold (Min at Fast Process Corner)
  Requirement:            0.000ns  (clk_fpga_0 rise@0.000ns - clk_fpga_0 rise@0.000ns)
  Data Path Delay:        0.304ns  (logic 0.148ns (48.643%)  route 0.156ns (51.357%))
  Logic Levels:           0  
  Clock Path Skew:        0.266ns (DCD - SCD - CPR)
    Destination Clock Delay (DCD):    1.185ns
    Source Clock Delay      (SCD):    0.884ns
    Clock Pessimism Removal (CPR):    0.035ns

    Location             Delay type                Incr(ns)  Path(ns)    Netlist Resource(s)
  -------------------------------------------------------------------    -------------------
                         (clock clk_fpga_0 rise edge)
                                                      0.000     0.000 r  
    PS7_X0Y0             PS7                          0.000     0.000 r  npu_bd_i/processing_system7_0/inst/PS7_i/FCLKCLK[0]
                         net (fo=1, routed)           0.310     0.310    npu_bd_i/processing_system7_0/inst/FCLK_CLK_unbuffered[0]
    BUFGCTRL_X0Y16       BUFG (Prop_bufg_I_O)         0.026     0.336 r  npu_bd_i/processing_system7_0/inst/buffer_fclk_clk_0.FCLK_CLK_0_BUFG/O
                         net (fo=8301, routed)        0.548     0.884    npu_bd_i/axi_smc/inst/m03_nodes/m03_w_node/inst/inst_mi_handler/gen_normal_area.inst_fifo_node_payld/gen_xpm_memory_fifo.inst_fifo/gen_mem_rep[0].inst_xpm_memory/xpm_memory_base_inst/clka
    SLICE_X50Y64         FDRE                                         r  npu_bd_i/axi_smc/inst/m03_nodes/m03_w_node/inst/inst_mi_handler/gen_normal_area.inst_fifo_node_payld/gen_xpm_memory_fifo.inst_fifo/gen_mem_rep[0].inst_xpm_memory/xpm_memory_base_inst/gen_rd_b.doutb_reg_reg[54]/C
  -------------------------------------------------------------------    -------------------
    SLICE_X50Y64         FDRE (Prop_fdre_C_Q)         0.148     1.032 r  npu_bd_i/axi_smc/inst/m03_nodes/m03_w_node/inst/inst_mi_handler/gen_normal_area.inst_fifo_node_payld/gen_xpm_memory_fifo.inst_fifo/gen_mem_rep[0].inst_xpm_memory/xpm_memory_base_inst/gen_rd_b.doutb_reg_reg[54]/Q
                         net (fo=1, routed)           0.156     1.188    npu_bd_i/axi_smc/inst/m03_exit_pipeline/m03_exit/inst/splitter_inst/gen_axi4lite.axilite_conv/s_axi_wdata[31]
    SLICE_X48Y63         FDRE                                         r  npu_bd_i/axi_smc/inst/m03_exit_pipeline/m03_exit/inst/splitter_inst/gen_axi4lite.axilite_conv/m_axi_wdata_i_reg[31]/D
  -------------------------------------------------------------------    -------------------

                         (clock clk_fpga_0 rise edge)
                                                      0.000     0.000 r  
    PS7_X0Y0             PS7                          0.000     0.000 r  npu_bd_i/processing_system7_0/inst/PS7_i/FCLKCLK[0]
                         net (fo=1, routed)           0.337     0.337    npu_bd_i/processing_system7_0/inst/FCLK_CLK_unbuffered[0]
    BUFGCTRL_X0Y16       BUFG (Prop_bufg_I_O)         0.029     0.366 r  npu_bd_i/processing_system7_0/inst/buffer_fclk_clk_0.FCLK_CLK_0_BUFG/O
                         net (fo=8301, routed)        0.819     1.185    npu_bd_i/axi_smc/inst/m03_exit_pipeline/m03_exit/inst/splitter_inst/gen_axi4lite.axilite_conv/aclk
    SLICE_X48Y63         FDRE                                         r  npu_bd_i/axi_smc/inst/m03_exit_pipeline/m03_exit/inst/splitter_inst/gen_axi4lite.axilite_conv/m_axi_wdata_i_reg[31]/C
                         clock pessimism             -0.035     1.150    
    SLICE_X48Y63         FDRE (Hold_fdre_C_D)         0.018     1.168    npu_bd_i/axi_smc/inst/m03_exit_pipeline/m03_exit/inst/splitter_inst/gen_axi4lite.axilite_conv/m_axi_wdata_i_reg[31]
  -------------------------------------------------------------------
                         required time                         -1.168    
                         arrival time                           1.188    
  -------------------------------------------------------------------
                         slack                                  0.020    





Pulse Width Checks
--------------------------------------------------------------------------------------
Clock Name:         clk_fpga_0
Waveform(ns):       { 0.000 10.000 }
Period(ns):         20.000
Sources:            { npu_bd_i/processing_system7_0/inst/PS7_i/FCLKCLK[0] }

Check Type        Corner  Lib Pin      Reference Pin  Required(ns)  Actual(ns)  Slack(ns)  Location      Pin
Min Period        n/a     DSP48E1/CLK  n/a            3.687         20.000      16.313     DSP48_X2Y26   npu_bd_i/npu_top_0/inst/u_conv/ic_khw_r_reg/CLK
Low Pulse Width   Slow    RAMD32/CLK   n/a            1.250         10.000      8.750      SLICE_X54Y76  npu_bd_i/axi_smc/inst/m00_nodes/m00_ar_node/inst/inst_mi_handler/gen_normal_area.inst_fifo_node_payld/gen_xpm_memory_fifo.inst_fifo/gen_mem_rep[0].inst_xpm_memory/xpm_memory_base_inst/gen_wr_a.gen_word_narrow.mem_reg_0_31_0_5/RAMA/CLK
High Pulse Width  Slow    RAMD32/CLK   n/a            1.250         10.000      8.750      SLICE_X54Y76  npu_bd_i/axi_smc/inst/m00_nodes/m00_ar_node/inst/inst_mi_handler/gen_normal_area.inst_fifo_node_payld/gen_xpm_memory_fifo.inst_fifo/gen_mem_rep[0].inst_xpm_memory/xpm_memory_base_inst/gen_wr_a.gen_word_narrow.mem_reg_0_31_0_5/RAMA/CLK



